Component: ARM Compiler 5.06 update 6 (build 750) Tool: armlink [4d35ed]

==============================================================================

Section Cross References

    startup.o(STACK) refers (Special) to heapauxi.o(.text) for __use_two_region_memory
    startup.o(HEAP) refers (Special) to heapauxi.o(.text) for __use_two_region_memory
    startup.o(RESET) refers (Special) to heapauxi.o(.text) for __use_two_region_memory
    startup.o(RESET) refers to startup.o(STACK) for Stack_Top
    startup.o(RESET) refers to __main.o(!!!main) for __main
    startup.o(.text) refers (Special) to heapauxi.o(.text) for __use_two_region_memory
    startup.o(.text) refers to startup.o(HEAP) for Heap_Mem
    startup.o(.text) refers to startup.o(STACK) for Stack_Mem
    main.o(i.OLED_Clear) refers to main.o(i.OLED_WR_Byte) for OLED_WR_Byte
    main.o(i.OLED_Display_Off) refers to main.o(i.OLED_WR_Byte) for OLED_WR_Byte
    main.o(i.OLED_Display_On) refers to main.o(i.OLED_WR_Byte) for OLED_WR_Byte
    main.o(i.OLED_DrawBMP) refers to main.o(i.OLED_Set_Pos) for OLED_Set_Pos
    main.o(i.OLED_DrawBMP) refers to main.o(i.OLED_WR_Byte) for OLED_WR_Byte
    main.o(i.OLED_Init) refers to main.o(i.OLED_WR_Byte) for OLED_WR_Byte
    main.o(i.OLED_Init) refers to main.o(i.OLED_Clear) for OLED_Clear
    main.o(i.OLED_Init) refers to main.o(i.OLED_Set_Pos) for OLED_Set_Pos
    main.o(i.OLED_Set_Pos) refers to main.o(i.OLED_WR_Byte) for OLED_WR_Byte
    main.o(i.OLED_ShowCHinese) refers to main.o(i.OLED_Set_Pos) for OLED_Set_Pos
    main.o(i.OLED_ShowCHinese) refers to main.o(i.OLED_WR_Byte) for OLED_WR_Byte
    main.o(i.OLED_ShowCHinese) refers to main.o(.data) for Hzk
    main.o(i.OLED_ShowChar) refers to main.o(i.OLED_Set_Pos) for OLED_Set_Pos
    main.o(i.OLED_ShowChar) refers to main.o(i.OLED_WR_Byte) for OLED_WR_Byte
    main.o(i.OLED_ShowChar) refers to main.o(.constdata) for F8X16
    main.o(i.OLED_ShowNum) refers to main.o(i.oled_pow) for oled_pow
    main.o(i.OLED_ShowNum) refers to aeabi_sdiv.o(.text_udiv) for __aeabi_uidivmod
    main.o(i.OLED_ShowNum) refers to main.o(i.OLED_ShowChar) for OLED_ShowChar
    main.o(i.OLED_ShowString) refers to main.o(i.OLED_ShowChar) for OLED_ShowChar
    main.o(i.main) refers to main.o(i.init_sys) for init_sys
    main.o(i.main) refers to main.o(i.OLED_Init) for OLED_Init
    main.o(i.main) refers to main.o(i.OLED_Clear) for OLED_Clear
    main.o(i.main) refers to main.o(i.OLED_ShowCHinese) for OLED_ShowCHinese
    main.o(i.main) refers to main.o(i.OLED_ShowString) for OLED_ShowString
    main.o(i.main) refers to main.o(i.OLED_ShowChar) for OLED_ShowChar
    main.o(i.main) refers to main.o(i.OLED_ShowNum) for OLED_ShowNum
    main.o(i.main) refers to main.o(i.delay_ms) for delay_ms
    aeabi_sdiv.o(.text_udiv) refers to aeabi_sdiv.o(.text) for __arm_div2
    aeabi_sdiv_div0.o(.text_udiv) refers to aeabi_sdiv_div0.o(.text) for __arm_div2
    __main.o(!!!main) refers to __rtentry.o(.ARM.Collect$$rtentry$$00000000) for __rt_entry
    __rtentry.o(.ARM.Collect$$rtentry$$00000000) refers (Special) to __rtentry2.o(.ARM.Collect$$rtentry$$0000000A) for __rt_entry_li
    __rtentry.o(.ARM.Collect$$rtentry$$00000000) refers (Special) to __rtentry2.o(.ARM.Collect$$rtentry$$0000000D) for __rt_entry_main
    __rtentry.o(.ARM.Collect$$rtentry$$00000000) refers (Special) to __rtentry2.o(.ARM.Collect$$rtentry$$0000000C) for __rt_entry_postli_1
    __rtentry.o(.ARM.Collect$$rtentry$$00000000) refers (Special) to __rtentry2.o(.ARM.Collect$$rtentry$$00000009) for __rt_entry_postsh_1
    __rtentry.o(.ARM.Collect$$rtentry$$00000000) refers (Special) to __rtentry2.o(.ARM.Collect$$rtentry$$00000002) for __rt_entry_presh_1
    __rtentry.o(.ARM.Collect$$rtentry$$00000000) refers (Special) to __rtentry4.o(.ARM.Collect$$rtentry$$00000004) for __rt_entry_sh
    aeabi_idiv0_sigfpe.o(.text) refers to rt_div0.o(.text) for __rt_div0
    __rtentry2.o(.ARM.Collect$$rtentry$$00000008) refers to boardinit2.o(.text) for _platform_post_stackheap_init
    __rtentry2.o(.ARM.Collect$$rtentry$$0000000A) refers to libinit.o(.ARM.Collect$$libinit$$00000000) for __rt_lib_init
    __rtentry2.o(.ARM.Collect$$rtentry$$0000000B) refers to boardinit3.o(.text) for _platform_post_lib_init
    __rtentry2.o(.ARM.Collect$$rtentry$$0000000D) refers to exit.o(.text) for exit
    __rtentry2.o(.ARM.Collect$$rtentry$$0000000D) refers to main.o(i.main) for main
    __rtentry2.o(.ARM.exidx) refers to __rtentry2.o(.ARM.Collect$$rtentry$$00000001) for .ARM.Collect$$rtentry$$00000001
    __rtentry2.o(.ARM.exidx) refers to __rtentry2.o(.ARM.Collect$$rtentry$$00000008) for .ARM.Collect$$rtentry$$00000008
    __rtentry2.o(.ARM.exidx) refers to __rtentry2.o(.ARM.Collect$$rtentry$$0000000A) for .ARM.Collect$$rtentry$$0000000A
    __rtentry2.o(.ARM.exidx) refers to __rtentry2.o(.ARM.Collect$$rtentry$$0000000B) for .ARM.Collect$$rtentry$$0000000B
    __rtentry2.o(.ARM.exidx) refers to __rtentry2.o(.ARM.Collect$$rtentry$$0000000D) for .ARM.Collect$$rtentry$$0000000D
    __rtentry4.o(.ARM.Collect$$rtentry$$00000004) refers to sys_stackheap_outer.o(.text) for __user_setup_stackheap
    __rtentry4.o(.ARM.exidx) refers to __rtentry4.o(.ARM.Collect$$rtentry$$00000004) for .ARM.Collect$$rtentry$$00000004
    rt_div0.o(.text) refers to defsig_fpe_outer.o(.text) for __rt_SIGFPE
    sys_stackheap_outer.o(.text) refers to libspace.o(.text) for __user_perproc_libspace
    sys_stackheap_outer.o(.text) refers to startup.o(.text) for __user_initial_stackheap
    exit.o(.text) refers to rtexit.o(.ARM.Collect$$rtexit$$00000000) for __rt_exit
    defsig_fpe_outer.o(.text) refers to defsig_fpe_inner.o(.text) for __rt_SIGFPE_inner
    defsig_fpe_outer.o(.text) refers to defsig_exit.o(.text) for __sig_exit
    defsig_fpe_formal.o(.text) refers to rt_raise.o(.text) for __rt_raise
    libinit.o(.ARM.Collect$$libinit$$00000000) refers (Special) to libinit2.o(.ARM.Collect$$libinit$$0000002E) for __rt_lib_init_alloca_1
    libinit.o(.ARM.Collect$$libinit$$00000000) refers (Special) to libinit2.o(.ARM.Collect$$libinit$$0000002C) for __rt_lib_init_argv_1
    libinit.o(.ARM.Collect$$libinit$$00000000) refers (Special) to libinit2.o(.ARM.Collect$$libinit$$0000001B) for __rt_lib_init_atexit_1
    libinit.o(.ARM.Collect$$libinit$$00000000) refers (Special) to libinit2.o(.ARM.Collect$$libinit$$00000021) for __rt_lib_init_clock_1
    libinit.o(.ARM.Collect$$libinit$$00000000) refers (Special) to libinit2.o(.ARM.Collect$$libinit$$00000032) for __rt_lib_init_cpp_1
    libinit.o(.ARM.Collect$$libinit$$00000000) refers (Special) to libinit2.o(.ARM.Collect$$libinit$$00000030) for __rt_lib_init_exceptions_1
    libinit.o(.ARM.Collect$$libinit$$00000000) refers (Special) to libinit2.o(.ARM.Collect$$libinit$$00000002) for __rt_lib_init_fp_1
    libinit.o(.ARM.Collect$$libinit$$00000000) refers (Special) to libinit2.o(.ARM.Collect$$libinit$$0000001F) for __rt_lib_init_fp_trap_1
    libinit.o(.ARM.Collect$$libinit$$00000000) refers (Special) to libinit2.o(.ARM.Collect$$libinit$$00000023) for __rt_lib_init_getenv_1
    libinit.o(.ARM.Collect$$libinit$$00000000) refers (Special) to libinit2.o(.ARM.Collect$$libinit$$0000000A) for __rt_lib_init_heap_1
    libinit.o(.ARM.Collect$$libinit$$00000000) refers (Special) to libinit2.o(.ARM.Collect$$libinit$$00000011) for __rt_lib_init_lc_collate_1
    libinit.o(.ARM.Collect$$libinit$$00000000) refers (Special) to libinit2.o(.ARM.Collect$$libinit$$00000013) for __rt_lib_init_lc_ctype_1
    libinit.o(.ARM.Collect$$libinit$$00000000) refers (Special) to libinit2.o(.ARM.Collect$$libinit$$00000015) for __rt_lib_init_lc_monetary_1
    libinit.o(.ARM.Collect$$libinit$$00000000) refers (Special) to libinit2.o(.ARM.Collect$$libinit$$00000017) for __rt_lib_init_lc_numeric_1
    libinit.o(.ARM.Collect$$libinit$$00000000) refers (Special) to libinit2.o(.ARM.Collect$$libinit$$00000019) for __rt_lib_init_lc_time_1
    libinit.o(.ARM.Collect$$libinit$$00000000) refers (Special) to libinit2.o(.ARM.Collect$$libinit$$00000004) for __rt_lib_init_preinit_1
    libinit.o(.ARM.Collect$$libinit$$00000000) refers (Special) to libinit2.o(.ARM.Collect$$libinit$$0000000E) for __rt_lib_init_rand_1
    libinit.o(.ARM.Collect$$libinit$$00000000) refers (Special) to libinit2.o(.ARM.Collect$$libinit$$00000033) for __rt_lib_init_return
    libinit.o(.ARM.Collect$$libinit$$00000000) refers (Special) to libinit2.o(.ARM.Collect$$libinit$$0000001D) for __rt_lib_init_signal_1
    libinit.o(.ARM.Collect$$libinit$$00000000) refers (Special) to libinit2.o(.ARM.Collect$$libinit$$00000025) for __rt_lib_init_stdio_1
    libinit.o(.ARM.Collect$$libinit$$00000000) refers (Special) to libinit2.o(.ARM.Collect$$libinit$$0000000C) for __rt_lib_init_user_alloc_1
    libspace.o(.text) refers to libspace.o(.bss) for __libspace_start
    rtexit.o(.ARM.Collect$$rtexit$$00000000) refers (Special) to rtexit2.o(.ARM.Collect$$rtexit$$00000004) for __rt_exit_exit
    rtexit.o(.ARM.Collect$$rtexit$$00000000) refers (Special) to rtexit2.o(.ARM.Collect$$rtexit$$00000003) for __rt_exit_ls
    rtexit.o(.ARM.Collect$$rtexit$$00000000) refers (Special) to rtexit2.o(.ARM.Collect$$rtexit$$00000002) for __rt_exit_prels_1
    rtexit.o(.ARM.exidx) refers (Special) to rtexit2.o(.ARM.Collect$$rtexit$$00000004) for __rt_exit_exit
    rtexit.o(.ARM.exidx) refers (Special) to rtexit2.o(.ARM.Collect$$rtexit$$00000003) for __rt_exit_ls
    rtexit.o(.ARM.exidx) refers (Special) to rtexit2.o(.ARM.Collect$$rtexit$$00000002) for __rt_exit_prels_1
    rtexit.o(.ARM.exidx) refers to rtexit.o(.ARM.Collect$$rtexit$$00000000) for .ARM.Collect$$rtexit$$00000000
    rt_raise.o(.text) refers to __raise.o(.text) for __raise
    rt_raise.o(.text) refers to sys_exit.o(.text) for _sys_exit
    defsig_exit.o(.text) refers to sys_exit.o(.text) for _sys_exit
    defsig_fpe_inner.o(.text) refers to defsig_general.o(.text) for __default_signal_display
    libinit2.o(.ARM.Collect$$libinit$$00000001) refers to fpinit.o(x$fpl$fpinit) for _fp_init
    libinit2.o(.ARM.Collect$$libinit$$00000010) refers to libinit2.o(.ARM.Collect$$libinit$$0000000F) for .ARM.Collect$$libinit$$0000000F
    libinit2.o(.ARM.Collect$$libinit$$00000012) refers to libinit2.o(.ARM.Collect$$libinit$$0000000F) for .ARM.Collect$$libinit$$0000000F
    libinit2.o(.ARM.Collect$$libinit$$00000014) refers to libinit2.o(.ARM.Collect$$libinit$$0000000F) for .ARM.Collect$$libinit$$0000000F
    libinit2.o(.ARM.Collect$$libinit$$00000016) refers to libinit2.o(.ARM.Collect$$libinit$$0000000F) for .ARM.Collect$$libinit$$0000000F
    libinit2.o(.ARM.Collect$$libinit$$00000018) refers to libinit2.o(.ARM.Collect$$libinit$$0000000F) for .ARM.Collect$$libinit$$0000000F
    libinit2.o(.ARM.Collect$$libinit$$00000026) refers to argv_veneer.o(.emb_text) for __ARM_argv_veneer
    libinit2.o(.ARM.Collect$$libinit$$00000027) refers to argv_veneer.o(.emb_text) for __ARM_argv_veneer
    sys_exit.o(.text) refers (Special) to use_no_semi.o(.text) for __I$use$semihosting
    sys_exit.o(.text) refers (Special) to indicate_semi.o(.text) for __semihosting_library_function
    rtexit2.o(.ARM.Collect$$rtexit$$00000003) refers to libshutdown.o(.ARM.Collect$$libshutdown$$00000000) for __rt_lib_shutdown
    rtexit2.o(.ARM.Collect$$rtexit$$00000004) refers to sys_exit.o(.text) for _sys_exit
    rtexit2.o(.ARM.exidx) refers to rtexit2.o(.ARM.Collect$$rtexit$$00000001) for .ARM.Collect$$rtexit$$00000001
    rtexit2.o(.ARM.exidx) refers to rtexit2.o(.ARM.Collect$$rtexit$$00000003) for .ARM.Collect$$rtexit$$00000003
    rtexit2.o(.ARM.exidx) refers to rtexit2.o(.ARM.Collect$$rtexit$$00000004) for .ARM.Collect$$rtexit$$00000004
    __raise.o(.text) refers to __raise.o(i.__ARM_common_call_via_r2) for __ARM_common_call_via_r2
    __raise.o(.text) refers to defsig.o(CL$$defsig) for __default_signal_handler
    defsig_general.o(.text) refers to sys_wrch.o(.text) for _ttywrch
    argv_veneer.o(.emb_text) refers to no_argv.o(.text) for __ARM_get_argv
    sys_wrch.o(.text) refers (Special) to use_no_semi.o(.text) for __I$use$semihosting
    sys_wrch.o(.text) refers (Special) to indicate_semi.o(.text) for __semihosting_library_function
    defsig.o(CL$$defsig) refers to defsig_fpe_inner.o(.text) for __rt_SIGFPE_inner
    defsig.o(CL$$defsig) refers to defsig_rtmem_inner.o(.text) for __rt_SIGRTMEM_inner
    _get_argv_nomalloc.o(.text) refers (Special) to hrguard.o(.text) for __heap_region$guard
    _get_argv_nomalloc.o(.text) refers to defsig_rtmem_outer.o(.text) for __rt_SIGRTMEM
    _get_argv_nomalloc.o(.text) refers to sys_command.o(.text) for _sys_command_string
    libshutdown.o(.ARM.Collect$$libshutdown$$00000000) refers (Special) to libshutdown2.o(.ARM.Collect$$libshutdown$$00000002) for __rt_lib_shutdown_cpp_1
    libshutdown.o(.ARM.Collect$$libshutdown$$00000000) refers (Special) to libshutdown2.o(.ARM.Collect$$libshutdown$$00000007) for __rt_lib_shutdown_fp_trap_1
    libshutdown.o(.ARM.Collect$$libshutdown$$00000000) refers (Special) to libshutdown2.o(.ARM.Collect$$libshutdown$$0000000F) for __rt_lib_shutdown_heap_1
    libshutdown.o(.ARM.Collect$$libshutdown$$00000000) refers (Special) to libshutdown2.o(.ARM.Collect$$libshutdown$$00000010) for __rt_lib_shutdown_return
    libshutdown.o(.ARM.Collect$$libshutdown$$00000000) refers (Special) to libshutdown2.o(.ARM.Collect$$libshutdown$$0000000A) for __rt_lib_shutdown_signal_1
    libshutdown.o(.ARM.Collect$$libshutdown$$00000000) refers (Special) to libshutdown2.o(.ARM.Collect$$libshutdown$$00000004) for __rt_lib_shutdown_stdio_1
    libshutdown.o(.ARM.Collect$$libshutdown$$00000000) refers (Special) to libshutdown2.o(.ARM.Collect$$libshutdown$$0000000C) for __rt_lib_shutdown_user_alloc_1
    sys_command.o(.text) refers (Special) to use_no_semi.o(.text) for __I$use$semihosting
    sys_command.o(.text) refers (Special) to indicate_semi.o(.text) for __semihosting_library_function
    defsig_abrt_inner.o(.text) refers to defsig_general.o(.text) for __default_signal_display
    defsig_rtred_inner.o(.text) refers to defsig_general.o(.text) for __default_signal_display
    defsig_rtmem_inner.o(.text) refers to defsig_general.o(.text) for __default_signal_display
    defsig_rtmem_outer.o(.text) refers to defsig_rtmem_inner.o(.text) for __rt_SIGRTMEM_inner
    defsig_rtmem_outer.o(.text) refers to defsig_exit.o(.text) for __sig_exit
    defsig_rtmem_formal.o(.text) refers to rt_raise.o(.text) for __rt_raise
    defsig_stak_inner.o(.text) refers to defsig_general.o(.text) for __default_signal_display
    defsig_pvfn_inner.o(.text) refers to defsig_general.o(.text) for __default_signal_display
    defsig_cppl_inner.o(.text) refers to defsig_general.o(.text) for __default_signal_display
    defsig_segv_inner.o(.text) refers to defsig_general.o(.text) for __default_signal_display
    defsig_other.o(.text) refers to defsig_general.o(.text) for __default_signal_display


==============================================================================

Removing Unused input sections from the image.

    Removing main.o(i.OLED_Display_Off), (48 bytes).
    Removing main.o(i.OLED_Display_On), (48 bytes).
    Removing main.o(i.OLED_DrawBMP), (188 bytes).

3 unused section(s) (total 284 bytes) removed from the image.

==============================================================================

Adding Veneers to the image

    Adding AT veneer (8 bytes, Inline) for call to '__rt_lib_init' from __rtentry2.o(.ARM.Collect$$rtentry$$0000000A).
    Adding AT veneer (8 bytes, Inline) for call to '__rt_lib_shutdown' from rtexit2.o(.ARM.Collect$$rtexit$$00000003).
    Adding TA veneer (4 bytes, Inline) for call to '__rt_exit' from exit.o(.text).
    Adding AT veneer (8 bytes, Inline) for call to '_sys_exit' from rtexit2.o(.ARM.Collect$$rtexit$$00000004).

4 Veneer(s) (total 28 bytes) added to the image.

==============================================================================

Image Symbol Table

    Local Symbols

    Symbol Name                              Value     Ov Type        Size  Object(Section)

    RESET                                    0x00000000   Section      272  startup.o(RESET)
    ../clib/angel/boardlib.s                 0x00000000   Number         0  boardshut.o ABSOLUTE
    ../clib/angel/boardlib.s                 0x00000000   Number         0  boardinit3.o ABSOLUTE
    ../clib/angel/boardlib.s                 0x00000000   Number         0  boardinit2.o ABSOLUTE
    ../clib/angel/boardlib.s                 0x00000000   Number         0  boardinit1.o ABSOLUTE
    ../clib/angel/dczerorl2.s                0x00000000   Number         0  __dczerorl2.o ABSOLUTE
    ../clib/angel/handlers.s                 0x00000000   Number         0  __scatter_zi.o ABSOLUTE
    ../clib/angel/kernel.s                   0x00000000   Number         0  __rtentry2.o ABSOLUTE
    ../clib/angel/kernel.s                   0x00000000   Number         0  __rtentry.o ABSOLUTE
    ../clib/angel/kernel.s                   0x00000000   Number         0  rtexit.o ABSOLUTE
    ../clib/angel/kernel.s                   0x00000000   Number         0  rtexit2.o ABSOLUTE
    ../clib/angel/kernel.s                   0x00000000   Number         0  __rtentry4.o ABSOLUTE
    ../clib/angel/rt.s                       0x00000000   Number         0  aeabi_idiv0_sigfpe.o ABSOLUTE
    ../clib/angel/rt.s                       0x00000000   Number         0  aeabi_idiv0.o ABSOLUTE
    ../clib/angel/rt.s                       0x00000000   Number         0  rt_raise.o ABSOLUTE
    ../clib/angel/rt.s                       0x00000000   Number         0  rt_div0.o ABSOLUTE
    ../clib/angel/scatter.s                  0x00000000   Number         0  __scatter.o ABSOLUTE
    ../clib/angel/startup.s                  0x00000000   Number         0  __main.o ABSOLUTE
    ../clib/angel/sys.s                      0x00000000   Number         0  libspace.o ABSOLUTE
    ../clib/angel/sys.s                      0x00000000   Number         0  sys_stackheap_outer.o ABSOLUTE
    ../clib/angel/sys.s                      0x00000000   Number         0  use_no_semi.o ABSOLUTE
    ../clib/angel/sys.s                      0x00000000   Number         0  indicate_semi.o ABSOLUTE
    ../clib/angel/sysapp.c                   0x00000000   Number         0  sys_command.o ABSOLUTE
    ../clib/angel/sysapp.c                   0x00000000   Number         0  sys_exit.o ABSOLUTE
    ../clib/angel/sysapp.c                   0x00000000   Number         0  sys_wrch.o ABSOLUTE
    ../clib/armsys.c                         0x00000000   Number         0  _get_argv_nomalloc.o ABSOLUTE
    ../clib/armsys.c                         0x00000000   Number         0  argv_veneer.o ABSOLUTE
    ../clib/armsys.c                         0x00000000   Number         0  no_argv.o ABSOLUTE
    ../clib/armsys.c                         0x00000000   Number         0  argv_veneer.o ABSOLUTE
    ../clib/division.s                       0x00000000   Number         0  aeabi_sdiv.o ABSOLUTE
    ../clib/division.s                       0x00000000   Number         0  aeabi_sdiv_div0.o ABSOLUTE
    ../clib/divrt.s                          0x00000000   Number         0  divrt_7tdmi.o ABSOLUTE
    ../clib/divrt.s                          0x00000000   Number         0  divrt_7tdmi_div0.o ABSOLUTE
    ../clib/heapalloc.c                      0x00000000   Number         0  hrguard.o ABSOLUTE
    ../clib/heapaux.c                        0x00000000   Number         0  heapauxi.o ABSOLUTE
    ../clib/libinit.s                        0x00000000   Number         0  libinit.o ABSOLUTE
    ../clib/libinit.s                        0x00000000   Number         0  libshutdown2.o ABSOLUTE
    ../clib/libinit.s                        0x00000000   Number         0  libshutdown.o ABSOLUTE
    ../clib/libinit.s                        0x00000000   Number         0  libinit2.o ABSOLUTE
    ../clib/signal.c                         0x00000000   Number         0  defsig_exit.o ABSOLUTE
    ../clib/signal.c                         0x00000000   Number         0  defsig_general.o ABSOLUTE
    ../clib/signal.c                         0x00000000   Number         0  defsig_fpe_formal.o ABSOLUTE
    ../clib/signal.c                         0x00000000   Number         0  __raise.o ABSOLUTE
    ../clib/signal.c                         0x00000000   Number         0  defsig_other.o ABSOLUTE
    ../clib/signal.c                         0x00000000   Number         0  defsig_segv_inner.o ABSOLUTE
    ../clib/signal.c                         0x00000000   Number         0  defsig_abrt_inner.o ABSOLUTE
    ../clib/signal.c                         0x00000000   Number         0  defsig_rtred_inner.o ABSOLUTE
    ../clib/signal.c                         0x00000000   Number         0  defsig_rtmem_inner.o ABSOLUTE
    ../clib/signal.c                         0x00000000   Number         0  defsig_rtmem_outer.o ABSOLUTE
    ../clib/signal.c                         0x00000000   Number         0  defsig_fpe_outer.o ABSOLUTE
    ../clib/signal.c                         0x00000000   Number         0  defsig_rtmem_formal.o ABSOLUTE
    ../clib/signal.c                         0x00000000   Number         0  defsig_stak_inner.o ABSOLUTE
    ../clib/signal.c                         0x00000000   Number         0  defsig_pvfn_inner.o ABSOLUTE
    ../clib/signal.c                         0x00000000   Number         0  defsig_cppl_inner.o ABSOLUTE
    ../clib/signal.c                         0x00000000   Number         0  defsig_fpe_inner.o ABSOLUTE
    ../clib/signal.s                         0x00000000   Number         0  defsig.o ABSOLUTE
    ../clib/stdlib.c                         0x00000000   Number         0  exit.o ABSOLUTE
    ../fplib/fpinit.s                        0x00000000   Number         0  fpinit.o ABSOLUTE
    Startup.s                                0x00000000   Number         0  startup.o ABSOLUTE
    dc.s                                     0x00000000   Number         0  dc.o ABSOLUTE
    main.c                                   0x00000000   Number         0  main.o ABSOLUTE
    Undef_Handler                            0x00000040   ARM Code       4  startup.o(RESET)
    SWI_Handler                              0x00000044   ARM Code       4  startup.o(RESET)
    PAbt_Handler                             0x00000048   ARM Code       4  startup.o(RESET)
    DAbt_Handler                             0x0000004c   ARM Code       4  startup.o(RESET)
    IRQ_Handler                              0x00000050   ARM Code       4  startup.o(RESET)
    FIQ_Handler                              0x00000054   ARM Code       4  startup.o(RESET)
    !!!main                                  0x00000110   Section        8  __main.o(!!!main)
    !!!scatter                               0x00000118   Section       60  __scatter.o(!!!scatter)
    !!dczerorl2                              0x00000154   Section       92  __dczerorl2.o(!!dczerorl2)
    _decompress_loop                         0x0000015f   Thumb Code     0  __dczerorl2.o(!!dczerorl2)
    _decompress_zerolen                      0x0000016d   Thumb Code     0  __dczerorl2.o(!!dczerorl2)
    _decompress_litn                         0x00000175   Thumb Code     0  __dczerorl2.o(!!dczerorl2)
    _decompress_lit                          0x00000179   Thumb Code     0  __dczerorl2.o(!!dczerorl2)
    _decompress_copyorzero                   0x00000185   Thumb Code     0  __dczerorl2.o(!!dczerorl2)
    _decompress_zero                         0x0000018d   Thumb Code     0  __dczerorl2.o(!!dczerorl2)
    _decompress_copyn                        0x00000197   Thumb Code     0  __dczerorl2.o(!!dczerorl2)
    _decompress_copy                         0x0000019f   Thumb Code     0  __dczerorl2.o(!!dczerorl2)
    _decompress_end                          0x000001ab   Thumb Code     0  __dczerorl2.o(!!dczerorl2)
    !!handler_zi                             0x000001b0   Section       44  __scatter_zi.o(!!handler_zi)
    .ARM.Collect$$libinit$$00000000          0x000001e4   Section        2  libinit.o(.ARM.Collect$$libinit$$00000000)
    .ARM.Collect$$libinit$$00000002          0x000001e6   Section        0  libinit2.o(.ARM.Collect$$libinit$$00000002)
    .ARM.Collect$$libinit$$00000004          0x000001e6   Section        0  libinit2.o(.ARM.Collect$$libinit$$00000004)
    .ARM.Collect$$libinit$$0000000A          0x000001e6   Section        0  libinit2.o(.ARM.Collect$$libinit$$0000000A)
    .ARM.Collect$$libinit$$0000000C          0x000001e6   Section        0  libinit2.o(.ARM.Collect$$libinit$$0000000C)
    .ARM.Collect$$libinit$$0000000E          0x000001e6   Section        0  libinit2.o(.ARM.Collect$$libinit$$0000000E)
    .ARM.Collect$$libinit$$00000011          0x000001e6   Section        0  libinit2.o(.ARM.Collect$$libinit$$00000011)
    .ARM.Collect$$libinit$$00000013          0x000001e6   Section        0  libinit2.o(.ARM.Collect$$libinit$$00000013)
    .ARM.Collect$$libinit$$00000015          0x000001e6   Section        0  libinit2.o(.ARM.Collect$$libinit$$00000015)
    .ARM.Collect$$libinit$$00000017          0x000001e6   Section        0  libinit2.o(.ARM.Collect$$libinit$$00000017)
    .ARM.Collect$$libinit$$00000019          0x000001e6   Section        0  libinit2.o(.ARM.Collect$$libinit$$00000019)
    .ARM.Collect$$libinit$$0000001B          0x000001e6   Section        0  libinit2.o(.ARM.Collect$$libinit$$0000001B)
    .ARM.Collect$$libinit$$0000001D          0x000001e6   Section        0  libinit2.o(.ARM.Collect$$libinit$$0000001D)
    .ARM.Collect$$libinit$$0000001F          0x000001e6   Section        0  libinit2.o(.ARM.Collect$$libinit$$0000001F)
    .ARM.Collect$$libinit$$00000021          0x000001e6   Section        0  libinit2.o(.ARM.Collect$$libinit$$00000021)
    .ARM.Collect$$libinit$$00000023          0x000001e6   Section        0  libinit2.o(.ARM.Collect$$libinit$$00000023)
    .ARM.Collect$$libinit$$00000025          0x000001e6   Section        0  libinit2.o(.ARM.Collect$$libinit$$00000025)
    .ARM.Collect$$libinit$$0000002C          0x000001e6   Section        0  libinit2.o(.ARM.Collect$$libinit$$0000002C)
    .ARM.Collect$$libinit$$0000002E          0x000001e6   Section        0  libinit2.o(.ARM.Collect$$libinit$$0000002E)
    .ARM.Collect$$libinit$$00000030          0x000001e6   Section        0  libinit2.o(.ARM.Collect$$libinit$$00000030)
    .ARM.Collect$$libinit$$00000032          0x000001e6   Section        0  libinit2.o(.ARM.Collect$$libinit$$00000032)
    .ARM.Collect$$libinit$$00000033          0x000001e6   Section       12  libinit2.o(.ARM.Collect$$libinit$$00000033)
    .ARM.Collect$$libshutdown$$00000000      0x000001fc   Section        4  libshutdown.o(.ARM.Collect$$libshutdown$$00000000)
    .ARM.Collect$$libshutdown$$00000002      0x00000200   Section        0  libshutdown2.o(.ARM.Collect$$libshutdown$$00000002)
    .ARM.Collect$$libshutdown$$00000004      0x00000200   Section        0  libshutdown2.o(.ARM.Collect$$libshutdown$$00000004)
    .ARM.Collect$$libshutdown$$00000007      0x00000200   Section        0  libshutdown2.o(.ARM.Collect$$libshutdown$$00000007)
    .ARM.Collect$$libshutdown$$0000000A      0x00000200   Section        0  libshutdown2.o(.ARM.Collect$$libshutdown$$0000000A)
    .ARM.Collect$$libshutdown$$0000000C      0x00000200   Section        0  libshutdown2.o(.ARM.Collect$$libshutdown$$0000000C)
    .ARM.Collect$$libshutdown$$0000000F      0x00000200   Section        0  libshutdown2.o(.ARM.Collect$$libshutdown$$0000000F)
    .ARM.Collect$$libshutdown$$00000010      0x00000200   Section        6  libshutdown2.o(.ARM.Collect$$libshutdown$$00000010)
    .ARM.Collect$$rtentry$$00000000          0x00000208   Section        0  __rtentry.o(.ARM.Collect$$rtentry$$00000000)
    .ARM.Collect$$rtentry$$00000002          0x00000208   Section        0  __rtentry2.o(.ARM.Collect$$rtentry$$00000002)
    .ARM.Collect$$rtentry$$00000004          0x00000208   Section        8  __rtentry4.o(.ARM.Collect$$rtentry$$00000004)
    .ARM.Collect$$rtentry$$00000009          0x00000210   Section        0  __rtentry2.o(.ARM.Collect$$rtentry$$00000009)
    .ARM.Collect$$rtentry$$0000000A          0x00000210   Section        4  __rtentry2.o(.ARM.Collect$$rtentry$$0000000A)
    .ARM.Collect$$rtentry$$0000000C          0x00000214   Section        0  __rtentry2.o(.ARM.Collect$$rtentry$$0000000C)
    .ARM.Collect$$rtentry$$0000000D          0x00000214   Section       40  __rtentry2.o(.ARM.Collect$$rtentry$$0000000D)
    .ARM.Collect$$rtexit$$00000000           0x00000240   Section        4  rtexit.o(.ARM.Collect$$rtexit$$00000000)
    .ARM.Collect$$rtexit$$00000002           0x00000244   Section        0  rtexit2.o(.ARM.Collect$$rtexit$$00000002)
    .ARM.Collect$$rtexit$$00000003           0x00000244   Section        4  rtexit2.o(.ARM.Collect$$rtexit$$00000003)
    .ARM.Collect$$rtexit$$00000004           0x00000248   Section        8  rtexit2.o(.ARM.Collect$$rtexit$$00000004)
    .text                                    0x00000250   Section       32  startup.o(.text)
    .text                                    0x00000270   Section      384  aeabi_sdiv.o(.text)
    __arm_div8                               0x0000029c   ARM Code       0  aeabi_sdiv.o(.text)
    __arm_div5                               0x000002c0   ARM Code       0  aeabi_sdiv.o(.text)
    __arm_div2                               0x000002e4   ARM Code       0  aeabi_sdiv.o(.text)
    __arm_div_large                          0x00000320   ARM Code       0  aeabi_sdiv.o(.text)
    .text                                    0x000003f0   Section        0  heapauxi.o(.text)
    .text                                    0x000003f8   Section       96  sys_stackheap_outer.o(.text)
    .text                                    0x00000458   Section        0  exit.o(.text)
    .text                                    0x0000046c   Section       12  libspace.o(.text)
    .text                                    0x00000480   Section        0  sys_exit.o(.text)
    .text                                    0x0000048c   Section        4  use_no_semi.o(.text)
    .text                                    0x00000490   Section        0  indicate_semi.o(.text)
    .text_udiv                               0x00000490   Section       36  aeabi_sdiv.o(.text_udiv)
    i.OLED_Clear                             0x000004b4   Section        0  main.o(i.OLED_Clear)
    i.OLED_Init                              0x00000524   Section        0  main.o(i.OLED_Init)
    i.OLED_Set_Pos                           0x0000069c   Section        0  main.o(i.OLED_Set_Pos)
    i.OLED_ShowCHinese                       0x000006e4   Section        0  main.o(i.OLED_ShowCHinese)
    i.OLED_ShowChar                          0x00000790   Section        0  main.o(i.OLED_ShowChar)
    i.OLED_ShowNum                           0x00000848   Section        0  main.o(i.OLED_ShowNum)
    i.OLED_ShowString                        0x00000928   Section        0  main.o(i.OLED_ShowString)
    i.OLED_WR_Byte                           0x00000988   Section        0  main.o(i.OLED_WR_Byte)
    i.delay_ms                               0x00000a10   Section        0  main.o(i.delay_ms)
    i.init_sys                               0x00000a38   Section        0  main.o(i.init_sys)
    i.main                                   0x00000ab0   Section        0  main.o(i.main)
    i.oled_pow                               0x00000bfc   Section        0  main.o(i.oled_pow)
    .constdata                               0x00000c20   Section     2092  main.o(.constdata)
    .data                                    0x40000000   Section      448  main.o(.data)
    .bss                                     0x400001c0   Section       96  libspace.o(.bss)
    HEAP                                     0x40000220   Section        0  startup.o(HEAP)
    STACK                                    0x40000220   Section     1160  startup.o(STACK)
    Heap_Mem                                 0x40000220   Data           0  startup.o(HEAP)
    Stack_Mem                                0x40000220   Data        1024  startup.o(STACK)
    Stack_Top                                0x400006a8   Data           0  startup.o(STACK)

    Global Symbols

    Symbol Name                              Value     Ov Type        Size  Object(Section)

    BuildAttributes$$THM_ISAv1$ARM_ISAv4$S$PE$A:L22$X:L11$S22$IEEE1$IW$USESV6$~STKCKD$USESV7$~SHL$OSPACE$ROPI$EBA8$UX$STANDARDLIB$REQ8$PRES8$EABIv2 0x00000000   Number         0  anon$$obj.o ABSOLUTE
    __ARM_use_no_argv                        0x00000000   Number         0  main.o ABSOLUTE
    __ARM_exceptions_init                     - Undefined Weak Reference
    __alloca_initialize                       - Undefined Weak Reference
    __arm_preinit_                            - Undefined Weak Reference
    __cpp_initialize__aeabi_                  - Undefined Weak Reference
    __cxa_finalize                            - Undefined Weak Reference
    __rt_locale                               - Undefined Weak Reference
    __sigvec_lookup                           - Undefined Weak Reference
    _atexit_init                              - Undefined Weak Reference
    _call_atexit_fns                          - Undefined Weak Reference
    _clock_init                               - Undefined Weak Reference
    _fp_trap_init                             - Undefined Weak Reference
    _fp_trap_shutdown                         - Undefined Weak Reference
    _get_lc_collate                           - Undefined Weak Reference
    _get_lc_ctype                             - Undefined Weak Reference
    _get_lc_monetary                          - Undefined Weak Reference
    _get_lc_numeric                           - Undefined Weak Reference
    _get_lc_time                              - Undefined Weak Reference
    _getenv_init                              - Undefined Weak Reference
    _handle_redirection                       - Undefined Weak Reference
    _init_alloc                               - Undefined Weak Reference
    _init_user_alloc                          - Undefined Weak Reference
    _initio                                   - Undefined Weak Reference
    _rand_init                                - Undefined Weak Reference
    _signal_finish                            - Undefined Weak Reference
    _signal_init                              - Undefined Weak Reference
    _terminate_alloc                          - Undefined Weak Reference
    _terminate_user_alloc                     - Undefined Weak Reference
    _terminateio                              - Undefined Weak Reference
    Reset_Handler                            0x00000058   ARM Code       0  startup.o(RESET)
    __main                                   0x00000110   ARM Code       8  __main.o(!!!main)
    __scatterload                            0x00000118   ARM Code       0  __scatter.o(!!!scatter)
    __scatterload_rt2                        0x00000118   ARM Code      52  __scatter.o(!!!scatter)
    __scatterload_null                       0x0000012c   ARM Code       0  __scatter.o(!!!scatter)
    __decompress                             0x00000154   ARM Code      92  __dczerorl2.o(!!dczerorl2)
    __decompress1                            0x00000154   ARM Code       0  __dczerorl2.o(!!dczerorl2)
    __scatterload_zeroinit                   0x000001b0   ARM Code      44  __scatter_zi.o(!!handler_zi)
    Inline ARM to Thumb Veneer to __rt_lib_init 0x000001dc   ARM Code       8  libinit.o(.ARM.Collect$$libinit$$00000000)
    __rt_lib_init                            0x000001e5   Thumb Code     0  libinit.o(.ARM.Collect$$libinit$$00000000)
    __rt_lib_init_alloca_1                   0x000001e7   Thumb Code     0  libinit2.o(.ARM.Collect$$libinit$$0000002E)
    __rt_lib_init_argv_1                     0x000001e7   Thumb Code     0  libinit2.o(.ARM.Collect$$libinit$$0000002C)
    __rt_lib_init_atexit_1                   0x000001e7   Thumb Code     0  libinit2.o(.ARM.Collect$$libinit$$0000001B)
    __rt_lib_init_clock_1                    0x000001e7   Thumb Code     0  libinit2.o(.ARM.Collect$$libinit$$00000021)
    __rt_lib_init_cpp_1                      0x000001e7   Thumb Code     0  libinit2.o(.ARM.Collect$$libinit$$00000032)
    __rt_lib_init_exceptions_1               0x000001e7   Thumb Code     0  libinit2.o(.ARM.Collect$$libinit$$00000030)
    __rt_lib_init_fp_1                       0x000001e7   Thumb Code     0  libinit2.o(.ARM.Collect$$libinit$$00000002)
    __rt_lib_init_fp_trap_1                  0x000001e7   Thumb Code     0  libinit2.o(.ARM.Collect$$libinit$$0000001F)
    __rt_lib_init_getenv_1                   0x000001e7   Thumb Code     0  libinit2.o(.ARM.Collect$$libinit$$00000023)
    __rt_lib_init_heap_1                     0x000001e7   Thumb Code     0  libinit2.o(.ARM.Collect$$libinit$$0000000A)
    __rt_lib_init_lc_collate_1               0x000001e7   Thumb Code     0  libinit2.o(.ARM.Collect$$libinit$$00000011)
    __rt_lib_init_lc_ctype_1                 0x000001e7   Thumb Code     0  libinit2.o(.ARM.Collect$$libinit$$00000013)
    __rt_lib_init_lc_monetary_1              0x000001e7   Thumb Code     0  libinit2.o(.ARM.Collect$$libinit$$00000015)
    __rt_lib_init_lc_numeric_1               0x000001e7   Thumb Code     0  libinit2.o(.ARM.Collect$$libinit$$00000017)
    __rt_lib_init_lc_time_1                  0x000001e7   Thumb Code     0  libinit2.o(.ARM.Collect$$libinit$$00000019)
    __rt_lib_init_preinit_1                  0x000001e7   Thumb Code     0  libinit2.o(.ARM.Collect$$libinit$$00000004)
    __rt_lib_init_rand_1                     0x000001e7   Thumb Code     0  libinit2.o(.ARM.Collect$$libinit$$0000000E)
    __rt_lib_init_return                     0x000001e7   Thumb Code     0  libinit2.o(.ARM.Collect$$libinit$$00000033)
    __rt_lib_init_signal_1                   0x000001e7   Thumb Code     0  libinit2.o(.ARM.Collect$$libinit$$0000001D)
    __rt_lib_init_stdio_1                    0x000001e7   Thumb Code     0  libinit2.o(.ARM.Collect$$libinit$$00000025)
    __rt_lib_init_user_alloc_1               0x000001e7   Thumb Code     0  libinit2.o(.ARM.Collect$$libinit$$0000000C)
    Inline ARM to Thumb Veneer to __rt_lib_shutdown 0x000001f4   ARM Code       8  libshutdown.o(.ARM.Collect$$libshutdown$$00000000)
    __rt_lib_shutdown                        0x000001fd   Thumb Code     0  libshutdown.o(.ARM.Collect$$libshutdown$$00000000)
    __rt_lib_shutdown_cpp_1                  0x00000201   Thumb Code     0  libshutdown2.o(.ARM.Collect$$libshutdown$$00000002)
    __rt_lib_shutdown_fp_trap_1              0x00000201   Thumb Code     0  libshutdown2.o(.ARM.Collect$$libshutdown$$00000007)
    __rt_lib_shutdown_heap_1                 0x00000201   Thumb Code     0  libshutdown2.o(.ARM.Collect$$libshutdown$$0000000F)
    __rt_lib_shutdown_return                 0x00000201   Thumb Code     0  libshutdown2.o(.ARM.Collect$$libshutdown$$00000010)
    __rt_lib_shutdown_signal_1               0x00000201   Thumb Code     0  libshutdown2.o(.ARM.Collect$$libshutdown$$0000000A)
    __rt_lib_shutdown_stdio_1                0x00000201   Thumb Code     0  libshutdown2.o(.ARM.Collect$$libshutdown$$00000004)
    __rt_lib_shutdown_user_alloc_1           0x00000201   Thumb Code     0  libshutdown2.o(.ARM.Collect$$libshutdown$$0000000C)
    __rt_entry                               0x00000208   ARM Code       0  __rtentry.o(.ARM.Collect$$rtentry$$00000000)
    __rt_entry_presh_1                       0x00000208   ARM Code       0  __rtentry2.o(.ARM.Collect$$rtentry$$00000002)
    __rt_entry_sh                            0x00000208   ARM Code       0  __rtentry4.o(.ARM.Collect$$rtentry$$00000004)
    __rt_entry_li                            0x00000210   ARM Code       0  __rtentry2.o(.ARM.Collect$$rtentry$$0000000A)
    __rt_entry_postsh_1                      0x00000210   ARM Code       0  __rtentry2.o(.ARM.Collect$$rtentry$$00000009)
    __rt_entry_main                          0x00000214   ARM Code       0  __rtentry2.o(.ARM.Collect$$rtentry$$0000000D)
    __rt_entry_postli_1                      0x00000214   ARM Code       0  __rtentry2.o(.ARM.Collect$$rtentry$$0000000C)
    Inline Thumb to ARM Veneer to __rt_exit  0x0000023d   Thumb Code     4  rtexit.o(.ARM.Collect$$rtexit$$00000000)
    __rt_exit                                0x00000240   ARM Code       0  rtexit.o(.ARM.Collect$$rtexit$$00000000)
    __rt_exit_ls                             0x00000244   ARM Code       0  rtexit2.o(.ARM.Collect$$rtexit$$00000003)
    __rt_exit_prels_1                        0x00000244   ARM Code       0  rtexit2.o(.ARM.Collect$$rtexit$$00000002)
    __rt_exit_exit                           0x00000248   ARM Code       0  rtexit2.o(.ARM.Collect$$rtexit$$00000004)
    __user_initial_stackheap                 0x00000250   ARM Code       0  startup.o(.text)
    __aeabi_idiv                             0x00000270   ARM Code       0  aeabi_sdiv.o(.text)
    __aeabi_idivmod                          0x00000270   ARM Code     384  aeabi_sdiv.o(.text)
    __use_two_region_memory                  0x000003f1   Thumb Code     2  heapauxi.o(.text)
    __rt_heap_escrow$2region                 0x000003f3   Thumb Code     2  heapauxi.o(.text)
    __rt_heap_expand$2region                 0x000003f5   Thumb Code     2  heapauxi.o(.text)
    __user_setup_stackheap                   0x000003f8   ARM Code      96  sys_stackheap_outer.o(.text)
    exit                                     0x00000459   Thumb Code    20  exit.o(.text)
    __user_libspace                          0x0000046c   ARM Code      12  libspace.o(.text)
    __user_perproc_libspace                  0x0000046c   ARM Code       0  libspace.o(.text)
    __user_perthread_libspace                0x0000046c   ARM Code       0  libspace.o(.text)
    Inline ARM to Thumb Veneer to _sys_exit  0x00000478   ARM Code       8  sys_exit.o(.text)
    _sys_exit                                0x00000481   Thumb Code     8  sys_exit.o(.text)
    __I$use$semihosting                      0x0000048c   ARM Code       0  use_no_semi.o(.text)
    __use_no_semihosting_swi                 0x0000048c   ARM Code       4  use_no_semi.o(.text)
    __aeabi_uidiv                            0x00000490   ARM Code       0  aeabi_sdiv.o(.text_udiv)
    __aeabi_uidivmod                         0x00000490   ARM Code      36  aeabi_sdiv.o(.text_udiv)
    __semihosting_library_function           0x00000490   ARM Code       0  indicate_semi.o(.text)
    OLED_Clear                               0x000004b4   ARM Code     112  main.o(i.OLED_Clear)
    OLED_Init                                0x00000524   ARM Code     376  main.o(i.OLED_Init)
    OLED_Set_Pos                             0x0000069c   ARM Code      72  main.o(i.OLED_Set_Pos)
    OLED_ShowCHinese                         0x000006e4   ARM Code     168  main.o(i.OLED_ShowCHinese)
    OLED_ShowChar                            0x00000790   ARM Code     180  main.o(i.OLED_ShowChar)
    OLED_ShowNum                             0x00000848   ARM Code     224  main.o(i.OLED_ShowNum)
    OLED_ShowString                          0x00000928   ARM Code      96  main.o(i.OLED_ShowString)
    OLED_WR_Byte                             0x00000988   ARM Code     132  main.o(i.OLED_WR_Byte)
    delay_ms                                 0x00000a10   ARM Code      40  main.o(i.delay_ms)
    init_sys                                 0x00000a38   ARM Code     112  main.o(i.init_sys)
    main                                     0x00000ab0   ARM Code     288  main.o(i.main)
    oled_pow                                 0x00000bfc   ARM Code      36  main.o(i.oled_pow)
    F6x8                                     0x00000c20   Data         552  main.o(.constdata)
    F8X16                                    0x00000e48   Data        1520  main.o(.constdata)
    OLED_SCK                                 0x00001438   Data           4  main.o(.constdata)
    OLED_MOSI                                0x0000143c   Data           4  main.o(.constdata)
    OLED_CS                                  0x00001440   Data           4  main.o(.constdata)
    OLED_RES                                 0x00001444   Data           4  main.o(.constdata)
    OLED_DC                                  0x00001448   Data           4  main.o(.constdata)
    Region$$Table$$Base                      0x0000144c   Number         0  anon$$obj.o(Region$$Table)
    Region$$Table$$Limit                     0x0000146c   Number         0  anon$$obj.o(Region$$Table)
    Hzk                                      0x40000000   Data         448  main.o(.data)
    __libspace_start                         0x400001c0   Data          96  libspace.o(.bss)
    __temporary_stack_top$libspace           0x40000220   Data           0  libspace.o(.bss)



==============================================================================

Memory Map of the image

  Image Entry point : 0x00000110

  Load Region LR_IROM1 (Base: 0x00000000, Size: 0x0000162c, Max: 0x00080000, ABSOLUTE, COMPRESSED[0x00001514])

    Execution Region ER_IROM1 (Exec base: 0x00000000, Load base: 0x00000000, Size: 0x0000146c, Max: 0x00080000, ABSOLUTE)

    Exec Addr    Load Addr    Size         Type   Attr      Idx    E Section Name        Object

    0x00000000   0x00000000   0x00000110   Code   RO            3    RESET               startup.o
    0x00000110   0x00000110   0x00000008   Code   RO          141  * !!!main             c_t.l(__main.o)
    0x00000118   0x00000118   0x0000003c   Code   RO          312    !!!scatter          c_t.l(__scatter.o)
    0x00000154   0x00000154   0x0000005c   Code   RO          310    !!dczerorl2         c_t.l(__dczerorl2.o)
    0x000001b0   0x000001b0   0x0000002c   Code   RO          314    !!handler_zi        c_t.l(__scatter_zi.o)
    0x000001dc   0x000001dc   0x00000008   Ven    RO          178    .ARM.Collect$$libinit$$00000000  c_t.l(libinit.o)
    0x000001e4   0x000001e4   0x00000002   Code   RO          178    .ARM.Collect$$libinit$$00000000  c_t.l(libinit.o)
    0x000001e6   0x000001e6   0x00000000   Code   RO          191    .ARM.Collect$$libinit$$00000002  c_t.l(libinit2.o)
    0x000001e6   0x000001e6   0x00000000   Code   RO          193    .ARM.Collect$$libinit$$00000004  c_t.l(libinit2.o)
    0x000001e6   0x000001e6   0x00000000   Code   RO          196    .ARM.Collect$$libinit$$0000000A  c_t.l(libinit2.o)
    0x000001e6   0x000001e6   0x00000000   Code   RO          198    .ARM.Collect$$libinit$$0000000C  c_t.l(libinit2.o)
    0x000001e6   0x000001e6   0x00000000   Code   RO          200    .ARM.Collect$$libinit$$0000000E  c_t.l(libinit2.o)
    0x000001e6   0x000001e6   0x00000000   Code   RO          203    .ARM.Collect$$libinit$$00000011  c_t.l(libinit2.o)
    0x000001e6   0x000001e6   0x00000000   Code   RO          205    .ARM.Collect$$libinit$$00000013  c_t.l(libinit2.o)
    0x000001e6   0x000001e6   0x00000000   Code   RO          207    .ARM.Collect$$libinit$$00000015  c_t.l(libinit2.o)
    0x000001e6   0x000001e6   0x00000000   Code   RO          209    .ARM.Collect$$libinit$$00000017  c_t.l(libinit2.o)
    0x000001e6   0x000001e6   0x00000000   Code   RO          211    .ARM.Collect$$libinit$$00000019  c_t.l(libinit2.o)
    0x000001e6   0x000001e6   0x00000000   Code   RO          213    .ARM.Collect$$libinit$$0000001B  c_t.l(libinit2.o)
    0x000001e6   0x000001e6   0x00000000   Code   RO          215    .ARM.Collect$$libinit$$0000001D  c_t.l(libinit2.o)
    0x000001e6   0x000001e6   0x00000000   Code   RO          217    .ARM.Collect$$libinit$$0000001F  c_t.l(libinit2.o)
    0x000001e6   0x000001e6   0x00000000   Code   RO          219    .ARM.Collect$$libinit$$00000021  c_t.l(libinit2.o)
    0x000001e6   0x000001e6   0x00000000   Code   RO          221    .ARM.Collect$$libinit$$00000023  c_t.l(libinit2.o)
    0x000001e6   0x000001e6   0x00000000   Code   RO          223    .ARM.Collect$$libinit$$00000025  c_t.l(libinit2.o)
    0x000001e6   0x000001e6   0x00000000   Code   RO          227    .ARM.Collect$$libinit$$0000002C  c_t.l(libinit2.o)
    0x000001e6   0x000001e6   0x00000000   Code   RO          229    .ARM.Collect$$libinit$$0000002E  c_t.l(libinit2.o)
    0x000001e6   0x000001e6   0x00000000   Code   RO          231    .ARM.Collect$$libinit$$00000030  c_t.l(libinit2.o)
    0x000001e6   0x000001e6   0x00000000   Code   RO          233    .ARM.Collect$$libinit$$00000032  c_t.l(libinit2.o)
    0x000001e6   0x000001e6   0x0000000c   Code   RO          234    .ARM.Collect$$libinit$$00000033  c_t.l(libinit2.o)
    0x000001f2   0x000001f2   0x00000002   PAD
    0x000001f4   0x000001f4   0x00000008   Ven    RO          267    .ARM.Collect$$libshutdown$$00000000  c_t.l(libshutdown.o)
    0x000001fc   0x000001fc   0x00000004   Code   RO          267    .ARM.Collect$$libshutdown$$00000000  c_t.l(libshutdown.o)
    0x00000200   0x00000200   0x00000000   Code   RO          293    .ARM.Collect$$libshutdown$$00000002  c_t.l(libshutdown2.o)
    0x00000200   0x00000200   0x00000000   Code   RO          295    .ARM.Collect$$libshutdown$$00000004  c_t.l(libshutdown2.o)
    0x00000200   0x00000200   0x00000000   Code   RO          298    .ARM.Collect$$libshutdown$$00000007  c_t.l(libshutdown2.o)
    0x00000200   0x00000200   0x00000000   Code   RO          301    .ARM.Collect$$libshutdown$$0000000A  c_t.l(libshutdown2.o)
    0x00000200   0x00000200   0x00000000   Code   RO          303    .ARM.Collect$$libshutdown$$0000000C  c_t.l(libshutdown2.o)
    0x00000200   0x00000200   0x00000000   Code   RO          306    .ARM.Collect$$libshutdown$$0000000F  c_t.l(libshutdown2.o)
    0x00000200   0x00000200   0x00000006   Code   RO          307    .ARM.Collect$$libshutdown$$00000010  c_t.l(libshutdown2.o)
    0x00000206   0x00000206   0x00000002   PAD
    0x00000208   0x00000208   0x00000000   Code   RO          143    .ARM.Collect$$rtentry$$00000000  c_t.l(__rtentry.o)
    0x00000208   0x00000208   0x00000000   Code   RO          149    .ARM.Collect$$rtentry$$00000002  c_t.l(__rtentry2.o)
    0x00000208   0x00000208   0x00000008   Code   RO          161    .ARM.Collect$$rtentry$$00000004  c_t.l(__rtentry4.o)
    0x00000210   0x00000210   0x00000000   Code   RO          151    .ARM.Collect$$rtentry$$00000009  c_t.l(__rtentry2.o)
    0x00000210   0x00000210   0x00000004   Code   RO          152    .ARM.Collect$$rtentry$$0000000A  c_t.l(__rtentry2.o)
    0x00000214   0x00000214   0x00000000   Code   RO          154    .ARM.Collect$$rtentry$$0000000C  c_t.l(__rtentry2.o)
    0x00000214   0x00000214   0x00000028   Code   RO          155    .ARM.Collect$$rtentry$$0000000D  c_t.l(__rtentry2.o)
    0x0000023c   0x0000023c   0x00000004   Ven    RO          182    .ARM.Collect$$rtexit$$00000000  c_t.l(rtexit.o)
    0x00000240   0x00000240   0x00000004   Code   RO          182    .ARM.Collect$$rtexit$$00000000  c_t.l(rtexit.o)
    0x00000244   0x00000244   0x00000000   Code   RO          238    .ARM.Collect$$rtexit$$00000002  c_t.l(rtexit2.o)
    0x00000244   0x00000244   0x00000004   Code   RO          239    .ARM.Collect$$rtexit$$00000003  c_t.l(rtexit2.o)
    0x00000248   0x00000248   0x00000008   Code   RO          240    .ARM.Collect$$rtexit$$00000004  c_t.l(rtexit2.o)
    0x00000250   0x00000250   0x00000020   Code   RO            4    .text               startup.o
    0x00000270   0x00000270   0x00000180   Code   RO          123    .text               c_t.l(aeabi_sdiv.o)
    0x000003f0   0x000003f0   0x00000006   Code   RO          139    .text               c_t.l(heapauxi.o)
    0x000003f6   0x000003f6   0x00000002   PAD
    0x000003f8   0x000003f8   0x00000060   Code   RO          165    .text               c_t.l(sys_stackheap_outer.o)
    0x00000458   0x00000458   0x00000014   Code   RO          167    .text               c_t.l(exit.o)
    0x0000046c   0x0000046c   0x0000000c   Code   RO          179    .text               c_t.l(libspace.o)
    0x00000478   0x00000478   0x00000008   Ven    RO          235    .text               c_t.l(sys_exit.o)
    0x00000480   0x00000480   0x0000000c   Code   RO          235    .text               c_t.l(sys_exit.o)
    0x0000048c   0x0000048c   0x00000004   Code   RO          256    .text               c_t.l(use_no_semi.o)
    0x00000490   0x00000490   0x00000000   Code   RO          258    .text               c_t.l(indicate_semi.o)
    0x00000490   0x00000490   0x00000024   Code   RO          124    .text_udiv          c_t.l(aeabi_sdiv.o)
    0x000004b4   0x000004b4   0x00000070   Code   RO           11    i.OLED_Clear        main.o
    0x00000524   0x00000524   0x00000178   Code   RO           15    i.OLED_Init         main.o
    0x0000069c   0x0000069c   0x00000048   Code   RO           16    i.OLED_Set_Pos      main.o
    0x000006e4   0x000006e4   0x000000ac   Code   RO           17    i.OLED_ShowCHinese  main.o
    0x00000790   0x00000790   0x000000b8   Code   RO           18    i.OLED_ShowChar     main.o
    0x00000848   0x00000848   0x000000e0   Code   RO           19    i.OLED_ShowNum      main.o
    0x00000928   0x00000928   0x00000060   Code   RO           20    i.OLED_ShowString   main.o
    0x00000988   0x00000988   0x00000088   Code   RO           21    i.OLED_WR_Byte      main.o
    0x00000a10   0x00000a10   0x00000028   Code   RO           22    i.delay_ms          main.o
    0x00000a38   0x00000a38   0x00000078   Code   RO           23    i.init_sys          main.o
    0x00000ab0   0x00000ab0   0x0000014c   Code   RO           24    i.main              main.o
    0x00000bfc   0x00000bfc   0x00000024   Code   RO           25    i.oled_pow          main.o
    0x00000c20   0x00000c20   0x0000082c   Data   RO           26    .constdata          main.o
    0x0000144c   0x0000144c   0x00000020   Data   RO          308    Region$$Table       anon$$obj.o


    Execution Region RW_IRAM1 (Exec base: 0x40000000, Load base: 0x0000146c, Size: 0x000006a8, Max: 0x00008000, ABSOLUTE, COMPRESSED[0x000000a8])

    Exec Addr    Load Addr    Size         Type   Attr      Idx    E Section Name        Object

    0x40000000   COMPRESSED   0x000001c0   Data   RW           27    .data               main.o
    0x400001c0        -       0x00000060   Zero   RW          180    .bss                c_t.l(libspace.o)
    0x40000220        -       0x00000000   Zero   RW            2    HEAP                startup.o
    0x40000220        -       0x00000488   Zero   RW            1    STACK               startup.o


==============================================================================

Image component sizes


      Code (inc. data)   RO Data    RW Data    ZI Data      Debug   Object Name

      1900         64       2092        448          0       8692   main.o
       304         60          0          0       1160        508   startup.o

    ----------------------------------------------------------------------
      2204        124       2124        448       1160       9200   Object Totals
         0          0         32          0          0          0   (incl. Generated)
         0          0          0          0          0          0   (incl. Padding)

    ----------------------------------------------------------------------

      Code (inc. data)   RO Data    RW Data    ZI Data      Debug   Library Member Name

        92          0          0          0          0          0   __dczerorl2.o
         8          0          0          0          0         68   __main.o
         0          0          0          0          0          0   __rtentry.o
        44          4          0          0          0          0   __rtentry2.o
         8          0          0          0          0          0   __rtentry4.o
        60          8          0          0          0          0   __scatter.o
        44          0          0          0          0          0   __scatter_zi.o
       420          0          0          0          0        148   aeabi_sdiv.o
        20          0          0          0          0         80   exit.o
         6          0          0          0          0        136   heapauxi.o
         0          0          0          0          0          0   indicate_semi.o
        10          0          0          0          0          0   libinit.o
        12          0          0          0          0          0   libinit2.o
        12          0          0          0          0          0   libshutdown.o
         6          0          0          0          0          0   libshutdown2.o
        12          4          0          0         96         68   libspace.o
         8          0          0          0          0          0   rtexit.o
        12          0          0          0          0          0   rtexit2.o
        20          4          0          0          0         60   sys_exit.o
        96          0          0          0          0         80   sys_stackheap_outer.o
         4          0          0          0          0         68   use_no_semi.o

    ----------------------------------------------------------------------
       900         20          0          0         96        708   Library Totals
         6          0          0          0          0          0   (incl. Padding)

    ----------------------------------------------------------------------

      Code (inc. data)   RO Data    RW Data    ZI Data      Debug   Library Name

       894         20          0          0         96        708   c_t.l

    ----------------------------------------------------------------------
       900         20          0          0         96        708   Library Totals

    ----------------------------------------------------------------------

==============================================================================


      Code (inc. data)   RO Data    RW Data    ZI Data      Debug   

      3104        144       2124        448       1256       9244   Grand Totals
      3104        144       2124        168       1256       9244   ELF Image Totals (compressed)
      3104        144       2124        168          0          0   ROM Totals

==============================================================================

    Total RO  Size (Code + RO Data)                 5228 (   5.11kB)
    Total RW  Size (RW Data + ZI Data)              1704 (   1.66kB)
    Total ROM Size (Code + RO Data + RW Data)       5396 (   5.27kB)

==============================================================================

